Archive member included to satisfy reference by file (symbol)

/usr/lib/gcc/arm-none-eabi/10.3.0/thumb/v6-m/nofp/libgcc.a(_udivsi3.o)
                              build/nanos/obj/eth_internals.o (__aeabi_uidiv)
/usr/lib/gcc/arm-none-eabi/10.3.0/thumb/v6-m/nofp/libgcc.a(_divsi3.o)
                              build/nanos/obj/printf.o (__aeabi_idiv)
/usr/lib/gcc/arm-none-eabi/10.3.0/thumb/v6-m/nofp/libgcc.a(_dvmd_tls.o)
                              /usr/lib/gcc/arm-none-eabi/10.3.0/thumb/v6-m/nofp/libgcc.a(_udivsi3.o) (__aeabi_idiv0)
/usr/lib/gcc/arm-none-eabi/10.3.0/thumb/v6-m/nofp/libgcc.a(_arm_cmpdf2.o)
                              build/nanos/obj/printf.o (__aeabi_dcmplt)
/usr/lib/gcc/arm-none-eabi/10.3.0/thumb/v6-m/nofp/libgcc.a(_aeabi_uldivmod.o)
                              build/nanos/obj/eth_internals.o (__aeabi_uldivmod)
/usr/lib/gcc/arm-none-eabi/10.3.0/thumb/v6-m/nofp/libgcc.a(_muldi3.o)
                              build/nanos/obj/eth_internals.o (__aeabi_lmul)
/usr/lib/gcc/arm-none-eabi/10.3.0/thumb/v6-m/nofp/libgcc.a(_fixunsdfsi.o)
                              build/nanos/obj/printf.o (__aeabi_d2uiz)
/usr/lib/gcc/arm-none-eabi/10.3.0/thumb/v6-m/nofp/libgcc.a(_udivmoddi4.o)
                              /usr/lib/gcc/arm-none-eabi/10.3.0/thumb/v6-m/nofp/libgcc.a(_aeabi_uldivmod.o) (__udivmoddi4)
/usr/lib/gcc/arm-none-eabi/10.3.0/thumb/v6-m/nofp/libgcc.a(adddf3.o)
                              build/nanos/obj/printf.o (__aeabi_dadd)
/usr/lib/gcc/arm-none-eabi/10.3.0/thumb/v6-m/nofp/libgcc.a(divdf3.o)
                              build/nanos/obj/printf.o (__aeabi_ddiv)
/usr/lib/gcc/arm-none-eabi/10.3.0/thumb/v6-m/nofp/libgcc.a(eqdf2.o)
                              /usr/lib/gcc/arm-none-eabi/10.3.0/thumb/v6-m/nofp/libgcc.a(_arm_cmpdf2.o) (__eqdf2)
/usr/lib/gcc/arm-none-eabi/10.3.0/thumb/v6-m/nofp/libgcc.a(gedf2.o)
                              /usr/lib/gcc/arm-none-eabi/10.3.0/thumb/v6-m/nofp/libgcc.a(_arm_cmpdf2.o) (__gedf2)
/usr/lib/gcc/arm-none-eabi/10.3.0/thumb/v6-m/nofp/libgcc.a(ledf2.o)
                              /usr/lib/gcc/arm-none-eabi/10.3.0/thumb/v6-m/nofp/libgcc.a(_arm_cmpdf2.o) (__ledf2)
/usr/lib/gcc/arm-none-eabi/10.3.0/thumb/v6-m/nofp/libgcc.a(muldf3.o)
                              build/nanos/obj/printf.o (__aeabi_dmul)
/usr/lib/gcc/arm-none-eabi/10.3.0/thumb/v6-m/nofp/libgcc.a(subdf3.o)
                              build/nanos/obj/printf.o (__aeabi_dsub)
/usr/lib/gcc/arm-none-eabi/10.3.0/thumb/v6-m/nofp/libgcc.a(unorddf2.o)
                              build/nanos/obj/printf.o (__aeabi_dcmpun)
/usr/lib/gcc/arm-none-eabi/10.3.0/thumb/v6-m/nofp/libgcc.a(fixdfsi.o)
                              build/nanos/obj/printf.o (__aeabi_d2iz)
/usr/lib/gcc/arm-none-eabi/10.3.0/thumb/v6-m/nofp/libgcc.a(floatsidf.o)
                              build/nanos/obj/printf.o (__aeabi_i2d)
/usr/lib/gcc/arm-none-eabi/10.3.0/thumb/v6-m/nofp/libgcc.a(floatunsidf.o)
                              build/nanos/obj/printf.o (__aeabi_ui2d)
/usr/lib/gcc/arm-none-eabi/10.3.0/thumb/v6-m/nofp/libgcc.a(_thumb1_case_uhi.o)
                              /usr/lib/gcc/arm-none-eabi/10.3.0/thumb/v6-m/nofp/libgcc.a(divdf3.o) (__gnu_thumb1_case_uhi)
/usr/lib/gcc/arm-none-eabi/10.3.0/thumb/v6-m/nofp/libgcc.a(_lshrdi3.o)
                              /usr/lib/gcc/arm-none-eabi/10.3.0/thumb/v6-m/nofp/libgcc.a(_udivmoddi4.o) (__aeabi_llsr)
/usr/lib/gcc/arm-none-eabi/10.3.0/thumb/v6-m/nofp/libgcc.a(_ashldi3.o)
                              /usr/lib/gcc/arm-none-eabi/10.3.0/thumb/v6-m/nofp/libgcc.a(_udivmoddi4.o) (__aeabi_llsl)
/usr/lib/gcc/arm-none-eabi/10.3.0/thumb/v6-m/nofp/libgcc.a(_clzsi2.o)
                              /usr/lib/gcc/arm-none-eabi/10.3.0/thumb/v6-m/nofp/libgcc.a(adddf3.o) (__clzsi2)
/usr/lib/gcc/arm-none-eabi/10.3.0/thumb/v6-m/nofp/libgcc.a(_clzdi2.o)
                              /usr/lib/gcc/arm-none-eabi/10.3.0/thumb/v6-m/nofp/libgcc.a(_udivmoddi4.o) (__clzdi2)
/usr/lib/gcc/arm-none-eabi/10.3.0/../../../../arm-none-eabi/lib/thumb/v6-m/nofp/libc_nano.a(lib_a-aeabi_memclr.o)
                              build/nanos/obj/handle_init_contract.o (__aeabi_memclr)
/usr/lib/gcc/arm-none-eabi/10.3.0/../../../../arm-none-eabi/lib/thumb/v6-m/nofp/libc_nano.a(lib_a-aeabi_memcpy.o)
                              build/nanos/obj/eth_internals.o (__aeabi_memcpy)
/usr/lib/gcc/arm-none-eabi/10.3.0/../../../../arm-none-eabi/lib/thumb/v6-m/nofp/libc_nano.a(lib_a-aeabi_memmove.o)
                              build/nanos/obj/eth_internals.o (__aeabi_memmove)
/usr/lib/gcc/arm-none-eabi/10.3.0/../../../../arm-none-eabi/lib/thumb/v6-m/nofp/libc_nano.a(lib_a-aeabi_memset.o)
                              build/nanos/obj/eth_internals.o (__aeabi_memset)
/usr/lib/gcc/arm-none-eabi/10.3.0/../../../../arm-none-eabi/lib/thumb/v6-m/nofp/libc_nano.a(lib_a-memcmp.o)
                              build/nanos/obj/handle_finalize.o (memcmp)
[...]
Memory Configuration

Name             Origin             Length             Attributes
DISCARD          0x00000000d0000000 0x0000000000100000 xrw
FLASH            0x00000000c0d00000 0x0000000000064000 xr
SRAM             0x0000000020000200 0x0000000000001200 xrw
CXSRAM           0x0000000020001400 0x0000000000000400 xrw
*default*        0x0000000000000000 0xffffffffffffffff

Linker script and memory map

LOAD build/nanos/obj/checks.o
LOAD build/nanos/obj/contract.o
LOAD build/nanos/obj/cx_stubs.o
LOAD build/nanos/obj/debug_write.o
LOAD build/nanos/obj/eth_internals.o
LOAD build/nanos/obj/glyphs.o
LOAD build/nanos/obj/handle_finalize.o
LOAD build/nanos/obj/handle_init_contract.o
LOAD build/nanos/obj/handle_provide_parameter.o
LOAD build/nanos/obj/handle_provide_token.o
LOAD build/nanos/obj/handle_query_contract_id.o
LOAD build/nanos/obj/handle_query_contract_ui.o
LOAD build/nanos/obj/ledger_protocol.o
LOAD build/nanos/obj/main.o
LOAD build/nanos/obj/os.o
LOAD build/nanos/obj/os_io_seproxyhal.o
LOAD build/nanos/obj/os_io_task.o
LOAD build/nanos/obj/os_io_usb.o
LOAD build/nanos/obj/os_printf.o
LOAD build/nanos/obj/pic.o
LOAD build/nanos/obj/printf.o
LOAD build/nanos/obj/svc_call.o
LOAD build/nanos/obj/svc_cx_call.o
LOAD build/nanos/obj/syscalls.o
LOAD build/nanos/obj/u2f_impl.o
LOAD build/nanos/obj/u2f_io.o
LOAD build/nanos/obj/u2f_transport.o
LOAD build/nanos/obj/usbd_ccid_cmd.o
LOAD build/nanos/obj/usbd_ccid_core.o
LOAD build/nanos/obj/usbd_ccid_if.o
LOAD build/nanos/obj/usbd_conf.o
LOAD build/nanos/obj/usbd_core.o
LOAD build/nanos/obj/usbd_ctlreq.o
LOAD build/nanos/obj/usbd_hid.o
LOAD build/nanos/obj/usbd_impl.o
LOAD build/nanos/obj/usbd_ioreq.o
LOAD build/nanos/obj/ux_flow_engine.o
LOAD build/nanos/obj/ux_layout_bb.o
LOAD build/nanos/obj/ux_layout_bn.o
LOAD build/nanos/obj/ux_layout_bnn.o
LOAD build/nanos/obj/ux_layout_bnnn.o
LOAD build/nanos/obj/ux_layout_nn.o
LOAD build/nanos/obj/ux_layout_nnbnn.o
LOAD build/nanos/obj/ux_layout_nnn.o
LOAD build/nanos/obj/ux_layout_nnnn.o
LOAD build/nanos/obj/ux_layout_paging.o
LOAD build/nanos/obj/ux_layout_paging_compute.o
LOAD build/nanos/obj/ux_layout_pb.o
LOAD build/nanos/obj/ux_layout_pbb.o
LOAD build/nanos/obj/ux_layout_pbn.o
LOAD build/nanos/obj/ux_layout_pn.o
LOAD build/nanos/obj/ux_layout_pnn.o
LOAD build/nanos/obj/ux_layout_utils.o
LOAD build/nanos/obj/ux_legacy.o
LOAD build/nanos/obj/ux_menulist.o
LOAD build/nanos/obj/ux_stack.o
LOAD /usr/lib/gcc/arm-none-eabi/10.3.0/../../../../arm-none-eabi/lib/thumb/v6-m/nofp/libm.a
LOAD /usr/lib/gcc/arm-none-eabi/10.3.0/thumb/v6-m/nofp/libgcc.a
LOAD /usr/lib/gcc/arm-none-eabi/10.3.0/../../../../arm-none-eabi/lib/thumb/v6-m/nofp/libc_nano.a
START GROUP
LOAD /usr/lib/gcc/arm-none-eabi/10.3.0/thumb/v6-m/nofp/libgcc.a
LOAD /usr/lib/gcc/arm-none-eabi/10.3.0/../../../../arm-none-eabi/lib/thumb/v6-m/nofp/libg_nano.a
LOAD /usr/lib/gcc/arm-none-eabi/10.3.0/../../../../arm-none-eabi/lib/thumb/v6-m/nofp/libc_nano.a
END GROUP
START GROUP
LOAD /usr/lib/gcc/arm-none-eabi/10.3.0/thumb/v6-m/nofp/libgcc.a
LOAD /usr/lib/gcc/arm-none-eabi/10.3.0/../../../../arm-none-eabi/lib/thumb/v6-m/nofp/libc_nano.a
END GROUP
                0x0000000000000040                PAGE_SIZE = 0x40
                0x0000000000000400                STACK_SIZE = DEFINED (stack_size)?stack_size:0x400
                0x0000000020001400                END_STACK = (ORIGIN (SRAM) + LENGTH (SRAM))

.text           0x00000000c0d00000     0x1400
                0x00000000c0d00000                _text = .
                0x00000000c0d00000                _nvram_start = .
 *(.boot*)
 .boot          0x00000000c0d00000       0xc4 build/nanos/obj/main.o
                0x00000000c0d00000                main
 *(.text*)
 .text.adjustDecimals
                0x00000000c0d000c4       0xe8 build/nanos/obj/eth_internals.o
                0x00000000c0d000c4                adjustDecimals
 .text.uint256_to_decimal
                0x00000000c0d001ac       0xe0 build/nanos/obj/eth_internals.o
                0x00000000c0d001ac                uint256_to_decimal
 .text.amountToString
                0x00000000c0d0028c       0x8c build/nanos/obj/eth_internals.o
                0x00000000c0d0028c                amountToString
 .text.handle_finalize
                0x00000000c0d00318      0x124 build/nanos/obj/handle_finalize.o
                0x00000000c0d00318                handle_finalize
 .text.handle_init_contract
                0x00000000c0d0043c       0xa8 build/nanos/obj/handle_init_contract.o
                0x00000000c0d0043c                handle_init_contract
 .text.handle_provide_parameter
                0x00000000c0d004e4       0xb0 build/nanos/obj/handle_provide_parameter.o
                0x00000000c0d004e4                handle_provide_parameter
 .text.handle_provide_token
                0x00000000c0d00594      0x100 build/nanos/obj/handle_provide_token.o
                0x00000000c0d00594                handle_provide_token
 .text.handle_query_contract_id
                0x00000000c0d00694       0x44 build/nanos/obj/handle_query_contract_id.o
                0x00000000c0d00694                handle_query_contract_id
 .text.handle_query_contract_ui
                0x00000000c0d006d8       0xf4 build/nanos/obj/handle_query_contract_ui.o
                0x00000000c0d006d8                handle_query_contract_ui
 .text.dispatch_plugin_calls
                0x00000000c0d007cc       0xe0 build/nanos/obj/main.o
                0x00000000c0d007cc                dispatch_plugin_calls
 .text.os_boot  0x00000000c0d008ac        0xa build/nanos/obj/os.o
                0x00000000c0d008ac                os_boot
 *fill*         0x00000000c0d008b6        0x2 00
 .text.os_longjmp
                0x00000000c0d008b8       0x1c build/nanos/obj/os.o
                0x00000000c0d008b8                os_longjmp
 .text.mcu_usb_prints
                0x00000000c0d008d4       0x26 build/nanos/obj/os_io_seproxyhal.o
                0x00000000c0d008d4                mcu_usb_prints
 *fill*         0x00000000c0d008fa        0x2 00
 .text.mcu_usb_printf
                0x00000000c0d008fc      0x340 build/nanos/obj/os_printf.o
                0x00000000c0d008fc                screen_printf
                0x00000000c0d008fc                mcu_usb_printf
 .text.pic_internal
                0x00000000c0d00c3c       0x10 build/nanos/obj/pic.o
                0x00000000c0d00c3c                pic_internal
 .text.pic      0x00000000c0d00c4c       0x1c build/nanos/obj/pic.o
                0x00000000c0d00c4c                pic
 .text          0x00000000c0d00c68        0xe build/nanos/obj/svc_call.o
                0x00000000c0d00c68                SVC_Call
 *fill*         0x00000000c0d00c76        0x2 00
 .text.get_api_level
                0x00000000c0d00c78       0x1c build/nanos/obj/syscalls.o
                0x00000000c0d00c78                get_api_level
 .text.os_lib_call
                0x00000000c0d00c94       0x1c build/nanos/obj/syscalls.o
                0x00000000c0d00c94                os_lib_call
 .text.os_lib_end
                0x00000000c0d00cb0       0x18 build/nanos/obj/syscalls.o
                0x00000000c0d00cb0                os_lib_end
 .text.os_sched_exit
                0x00000000c0d00cc8       0x1c build/nanos/obj/syscalls.o
                0x00000000c0d00cc8                os_sched_exit
 .text.io_seph_send
                0x00000000c0d00ce4       0x18 build/nanos/obj/syscalls.o
                0x00000000c0d00ce4                io_seph_send
 .text.try_context_get
                0x00000000c0d00cfc       0x18 build/nanos/obj/syscalls.o
                0x00000000c0d00cfc                try_context_get
 .text.try_context_set
                0x00000000c0d00d14       0x1c build/nanos/obj/syscalls.o
                0x00000000c0d00d14                try_context_set
 .text          0x00000000c0d00d30       0x8c /usr/lib/gcc/arm-none-eabi/10.3.0/thumb/v6-m/nofp/libgcc.a(_udivsi3.o)
                0x00000000c0d00d30                __udivsi3
                0x00000000c0d00d30                __aeabi_uidiv
                0x00000000c0d00da8                __aeabi_uidivmod
 .text          0x00000000c0d00dbc        0x4 /usr/lib/gcc/arm-none-eabi/10.3.0/thumb/v6-m/nofp/libgcc.a(_dvmd_tls.o)
                0x00000000c0d00dbc                __aeabi_ldiv0
                0x00000000c0d00dbc                __aeabi_idiv0
 .text.__muldi3
                0x00000000c0d00dc0       0x48 /usr/lib/gcc/arm-none-eabi/10.3.0/thumb/v6-m/nofp/libgcc.a(_muldi3.o)
                0x00000000c0d00dc0                __aeabi_lmul
                0x00000000c0d00dc0                __muldi3
 .text          0x00000000c0d00e08        0xc /usr/lib/gcc/arm-none-eabi/10.3.0/../../../../arm-none-eabi/lib/thumb/v6-m/nofp/libc_nano.a(lib_a-aeabi_memclr.o)
                0x00000000c0d00e08                __aeabi_memclr8
                0x00000000c0d00e08                __aeabi_memclr
                0x00000000c0d00e08                __aeabi_memclr4
 .text          0x00000000c0d00e14        0x8 /usr/lib/gcc/arm-none-eabi/10.3.0/../../../../arm-none-eabi/lib/thumb/v6-m/nofp/libc_nano.a(lib_a-aeabi_memcpy.o)
                0x00000000c0d00e14                __aeabi_memcpy
                0x00000000c0d00e14                __aeabi_memcpy4
                0x00000000c0d00e14                __aeabi_memcpy8
 .text          0x00000000c0d00e1c        0x8 /usr/lib/gcc/arm-none-eabi/10.3.0/../../../../arm-none-eabi/lib/thumb/v6-m/nofp/libc_nano.a(lib_a-aeabi_memmove.o)
                0x00000000c0d00e1c                __aeabi_memmove8
                0x00000000c0d00e1c                __aeabi_memmove
                0x00000000c0d00e1c                __aeabi_memmove4
 .text          0x00000000c0d00e24       0x10 /usr/lib/gcc/arm-none-eabi/10.3.0/../../../../arm-none-eabi/lib/thumb/v6-m/nofp/libc_nano.a(lib_a-aeabi_memset.o)
                0x00000000c0d00e24                __aeabi_memset
                0x00000000c0d00e24                __aeabi_memset8
                0x00000000c0d00e24                __aeabi_memset4
 .text          0x00000000c0d00e34       0x48 /usr/lib/gcc/arm-none-eabi/10.3.0/../../../../arm-none-eabi/lib/thumb/v6-m/nofp/libc_nano.a(lib_a-memcmp.o)
                0x00000000c0d00e34                memcmp
 .text          0x00000000c0d00e7c       0xa4 /usr/lib/gcc/arm-none-eabi/10.3.0/../../../../arm-none-eabi/lib/thumb/v6-m/nofp/libc_nano.a(lib_a-memcpy-stub.o)
                0x00000000c0d00e7c                memcpy
 .text          0x00000000c0d00f20       0xac /usr/lib/gcc/arm-none-eabi/10.3.0/../../../../arm-none-eabi/lib/thumb/v6-m/nofp/libc_nano.a(lib_a-memmove.o)
                0x00000000c0d00f20                memmove
 .text          0x00000000c0d00fcc       0xa8 /usr/lib/gcc/arm-none-eabi/10.3.0/../../../../arm-none-eabi/lib/thumb/v6-m/nofp/libc_nano.a(lib_a-memset.o)
                0x00000000c0d00fcc                memset
 .text          0x00000000c0d01074       0x34 /usr/lib/gcc/arm-none-eabi/10.3.0/../../../../arm-none-eabi/lib/thumb/v6-m/nofp/libc_nano.a(lib_a-setjmp.o)
                0x00000000c0d01074                setjmp
                0x00000000c0d0108c                longjmp
 .text          0x00000000c0d010a8       0x50 /usr/lib/gcc/arm-none-eabi/10.3.0/../../../../arm-none-eabi/lib/thumb/v6-m/nofp/libc_nano.a(lib_a-strlcpy.o)
                0x00000000c0d010a8                strlcpy
 .text          0x00000000c0d010f8       0x24 /usr/lib/gcc/arm-none-eabi/10.3.0/../../../../arm-none-eabi/lib/thumb/v6-m/nofp/libc_nano.a(lib_a-strnlen.o)
                0x00000000c0d010f8                strnlen
 *(.rodata)
 *(.rodata.[^N]*)
 .rodata.COWSWAP_DEPOSIT_SELECTOR
                0x00000000c0d0111c        0x4 build/nanos/obj/contract.o
 .rodata.COWSWAP_SELECTORS
                0x00000000c0d01120        0x4 build/nanos/obj/contract.o
                0x00000000c0d01120                COWSWAP_SELECTORS
 .rodata.PLUGIN_ETH_ADDRESS
                0x00000000c0d01124       0x14 build/nanos/obj/contract.o
                0x00000000c0d01124                PLUGIN_ETH_ADDRESS
 .rodata.str1.1
                0x00000000c0d01138       0x1c build/nanos/obj/eth_internals.o
 .rodata.str1.1
                0x00000000c0d01154       0x50 build/nanos/obj/handle_finalize.o
                                         0x52 (size before relaxing)
 .rodata.str1.1
                0x00000000c0d011a4       0x17 build/nanos/obj/handle_init_contract.o
 .rodata.str1.1
                0x00000000c0d011bb       0x82 build/nanos/obj/handle_provide_parameter.o
                                         0x89 (size before relaxing)
 .rodata.str1.1
                0x00000000c0d0123d       0x24 build/nanos/obj/handle_provide_token.o
                                         0x25 (size before relaxing)
 .rodata.str1.1
                0x00000000c0d01261       0x33 build/nanos/obj/handle_query_contract_id.o
 .rodata.str1.1
                0x00000000c0d01294       0x6a build/nanos/obj/handle_query_contract_ui.o
 .rodata.str1.1
                0x00000000c0d012fe       0x81 build/nanos/obj/main.o
 .rodata.str1.1
                0x00000000c0d0137f       0x1a build/nanos/obj/os.o
 .rodata.str1.1
                0x00000000c0d01399       0x1a build/nanos/obj/os_printf.o
                                          0x8 (size before relaxing)
 .rodata.g_pcHex
                0x00000000c0d01399       0x10 build/nanos/obj/os_printf.o
 .rodata.g_pcHex_cap
                0x00000000c0d013a9       0x10 build/nanos/obj/os_printf.o
 *(.rodata.N[^_]*)
 .rodata.NULL_ETH_ADDRESS
                0x00000000c0d013b9       0x14 build/nanos/obj/contract.o
                0x00000000c0d013b9                NULL_ETH_ADDRESS
                0x00000000c0d013d0                . = ALIGN (0x4)
 *fill*         0x00000000c0d013cd        0x3 00
                0x00000000c0d013d0                _etext = .
                0x00000000c0d01400                . = ALIGN (PAGE_SIZE)
 *fill*         0x00000000c0d013d0       0x30 00
                0x00000000c0d01400                _nvram_data = .
 *(.bss.N_* .rodata.N_*)
                0x00000000c0d01400                . = ALIGN (PAGE_SIZE)
                0x00000000c0d01400                _envram_data = .
                0x00000000c0d01400                _install_parameters = .
                0x00000000c0d01400                _nvram_end = .

.glue_7         0x00000000c0d01400        0x0
 .glue_7        0x00000000c0d01400        0x0 linker stubs

.glue_7t        0x00000000c0d01400        0x0
 .glue_7t       0x00000000c0d01400        0x0 linker stubs

.vfp11_veneer   0x00000000c0d01400        0x0
 .vfp11_veneer  0x00000000c0d01400        0x0 linker stubs

.v4_bx          0x00000000c0d01400        0x0
 .v4_bx         0x00000000c0d01400        0x0 linker stubs

.iplt           0x00000000c0d01400        0x0
 .iplt          0x00000000c0d01400        0x0 build/nanos/obj/contract.o

.data           0x00000000d0000000        0x0
                0x00000000d0000000                . = ALIGN (0x4)
                0x00000000d0000000                _data = .
 *(vtable)
 *(.data*)
                0x00000000d0000000                _edata = .

.igot.plt       0x00000000d0000000        0x0
 .igot.plt      0x00000000d0000000        0x0 build/nanos/obj/contract.o

.cx_ram         0x0000000020001400      0x400
                0x0000000020001400                _cxram = .
                0x0000000000000000                . = (_cxram + ORIGIN (CXSRAM))
 *(.bss.G_cx)
                0x0000000020001800                . = (_cxram + LENGTH (CXSRAM))
 *fill*         0x0000000020001400      0x400 00

.bss            0x0000000020000200      0x404
                0x0000000020000200                _bss = .
 *(.bss*)
                0x0000000020000200                _ebss = .
                0x0000000020000200                . = ALIGN (0x4)
                0x0000000020000200                app_stack_canary = .
                [!provide]                        PROVIDE (app_stack_canary = .)
                0x0000000020000204                . = (. + 0x4)
 *fill*         0x0000000020000200        0x4 00
                0x0000000020000204                _stack_validation = .
                0x0000000020000604                . = (_stack_validation + STACK_SIZE)
 *fill*         0x0000000020000204      0x400 00
                0x0000000020001000                _stack = (ABSOLUTE (END_STACK) - STACK_SIZE)
                [!provide]                        PROVIDE (_stack = (ABSOLUTE (END_STACK) - STACK_SIZE))
                0x0000000020001400                _estack = ABSOLUTE (END_STACK)
                [!provide]                        PROVIDE (_estack = ABSOLUTE (END_STACK))

DEBUG           0x00000000d0000000        0x8
 libc.a(*)
 libm.a(*)
 libgcc.a(*)
 *(.ARM.exidx* .gnu.linkonce.armexidx.*)
 .ARM.exidx.text.adjustDecimals
                0x00000000d0000000        0x0 build/nanos/obj/eth_internals.o
                                          0x8 (size before relaxing)
 .ARM.exidx.text.uint256_to_decimal
                0x00000000d0000000        0x0 build/nanos/obj/eth_internals.o
                                          0x8 (size before relaxing)
 .ARM.exidx.text.amountToString
                0x00000000d0000000        0x0 build/nanos/obj/eth_internals.o
                                          0x8 (size before relaxing)
 .ARM.exidx.text.handle_finalize
                0x00000000d0000000        0x0 build/nanos/obj/handle_finalize.o
                                          0x8 (size before relaxing)
 .ARM.exidx.text.handle_init_contract
                0x00000000d0000000        0x0 build/nanos/obj/handle_init_contract.o
                                          0x8 (size before relaxing)
 .ARM.exidx.text.handle_provide_parameter
                0x00000000d0000000        0x0 build/nanos/obj/handle_provide_parameter.o
                                          0x8 (size before relaxing)
 .ARM.exidx.text.handle_provide_token
                0x00000000d0000000        0x0 build/nanos/obj/handle_provide_token.o
                                          0x8 (size before relaxing)
 .ARM.exidx.text.handle_query_contract_id
                0x00000000d0000000        0x0 build/nanos/obj/handle_query_contract_id.o
                                          0x8 (size before relaxing)
 .ARM.exidx.text.handle_query_contract_ui
                0x00000000d0000000        0x0 build/nanos/obj/handle_query_contract_ui.o
                                          0x8 (size before relaxing)
 .ARM.exidx.text.dispatch_plugin_calls
                0x00000000d0000000        0x0 build/nanos/obj/main.o
                                          0x8 (size before relaxing)
 .ARM.exidx.boot
                0x00000000d0000000        0x8 build/nanos/obj/main.o
 .ARM.exidx.text.os_boot
                0x00000000d0000008        0x0 build/nanos/obj/os.o
                                          0x8 (size before relaxing)
 .ARM.exidx.text.os_longjmp
                0x00000000d0000008        0x0 build/nanos/obj/os.o
                                          0x8 (size before relaxing)
 .ARM.exidx.text.mcu_usb_prints
                0x00000000d0000008        0x0 build/nanos/obj/os_io_seproxyhal.o
                                          0x8 (size before relaxing)
 .ARM.exidx.text.mcu_usb_printf
                0x00000000d0000008        0x0 build/nanos/obj/os_printf.o
                                          0x8 (size before relaxing)
 .ARM.exidx.text.pic_internal
                0x00000000d0000008        0x0 build/nanos/obj/pic.o
                                          0x8 (size before relaxing)
 .ARM.exidx.text.pic
                0x00000000d0000008        0x0 build/nanos/obj/pic.o
                                          0x8 (size before relaxing)
 .ARM.exidx.text.get_api_level
                0x00000000d0000008        0x0 build/nanos/obj/syscalls.o
                                          0x8 (size before relaxing)
 .ARM.exidx.text.os_lib_call
                0x00000000d0000008        0x0 build/nanos/obj/syscalls.o
                                          0x8 (size before relaxing)
 .ARM.exidx.text.os_lib_end
                0x00000000d0000008        0x0 build/nanos/obj/syscalls.o
                                          0x8 (size before relaxing)
 .ARM.exidx.text.os_sched_exit
                0x00000000d0000008        0x0 build/nanos/obj/syscalls.o
                                          0x8 (size before relaxing)
 .ARM.exidx.text.io_seph_send
                0x00000000d0000008        0x0 build/nanos/obj/syscalls.o
                                          0x8 (size before relaxing)
 .ARM.exidx.text.try_context_get
                0x00000000d0000008        0x0 build/nanos/obj/syscalls.o
                                          0x8 (size before relaxing)
 .ARM.exidx.text.try_context_set
                0x00000000d0000008        0x0 build/nanos/obj/syscalls.o
                                          0x8 (size before relaxing)

.rel.dyn        0x00000000d0000008        0x0
 .rel.iplt      0x00000000d0000008        0x0 build/nanos/obj/contract.o

/DISCARD/
 *(.ARM.extab)
 *(.gnu.hash)
 *(.hash)
 *(.dynsym)
 *(.dynstr)

.stab
 *(.stab)

.stabstr
 *(.stabstr)

.stab.excl
 *(.stab.excl)

.stab.exclstr
 *(.stab.exclstr)

.stab.index
 *(.stab.index)

.stab.indexstr
 *(.stab.indexstr)

.comment        0x0000000000000000       0x37
 *(.comment)
 .comment       0x0000000000000000       0x1c build/nanos/obj/contract.o
                                         0x1d (size before relaxing)
 .comment       0x000000000000001c       0x1d build/nanos/obj/eth_internals.o
 .comment       0x000000000000001c       0x1d build/nanos/obj/handle_finalize.o
 .comment       0x000000000000001c       0x1d build/nanos/obj/handle_init_contract.o
 .comment       0x000000000000001c       0x1d build/nanos/obj/handle_provide_parameter.o
 .comment       0x000000000000001c       0x1d build/nanos/obj/handle_provide_token.o
 .comment       0x000000000000001c       0x1d build/nanos/obj/handle_query_contract_id.o
 .comment       0x000000000000001c       0x1d build/nanos/obj/handle_query_contract_ui.o
 .comment       0x000000000000001c       0x1d build/nanos/obj/main.o
 .comment       0x000000000000001c       0x1d build/nanos/obj/os.o
 .comment       0x000000000000001c       0x1d build/nanos/obj/os_io_seproxyhal.o
 .comment       0x000000000000001c       0x1d build/nanos/obj/os_printf.o
 .comment       0x000000000000001c       0x1d build/nanos/obj/pic.o
 .comment       0x000000000000001c       0x1d build/nanos/obj/syscalls.o
 .comment       0x000000000000001c       0x1b /usr/lib/gcc/arm-none-eabi/10.3.0/thumb/v6-m/nofp/libgcc.a(_muldi3.o)
                                         0x1c (size before relaxing)
 .comment       0x0000000000000037       0x1c /usr/lib/gcc/arm-none-eabi/10.3.0/../../../../arm-none-eabi/lib/thumb/v6-m/nofp/libc_nano.a(lib_a-aeabi_memclr.o)
 .comment       0x0000000000000037       0x1c /usr/lib/gcc/arm-none-eabi/10.3.0/../../../../arm-none-eabi/lib/thumb/v6-m/nofp/libc_nano.a(lib_a-aeabi_memcpy.o)
 .comment       0x0000000000000037       0x1c /usr/lib/gcc/arm-none-eabi/10.3.0/../../../../arm-none-eabi/lib/thumb/v6-m/nofp/libc_nano.a(lib_a-aeabi_memmove.o)
 .comment       0x0000000000000037       0x1c /usr/lib/gcc/arm-none-eabi/10.3.0/../../../../arm-none-eabi/lib/thumb/v6-m/nofp/libc_nano.a(lib_a-aeabi_memset.o)
 .comment       0x0000000000000037       0x1c /usr/lib/gcc/arm-none-eabi/10.3.0/../../../../arm-none-eabi/lib/thumb/v6-m/nofp/libc_nano.a(lib_a-memcmp.o)
 .comment       0x0000000000000037       0x1c /usr/lib/gcc/arm-none-eabi/10.3.0/../../../../arm-none-eabi/lib/thumb/v6-m/nofp/libc_nano.a(lib_a-memcpy-stub.o)
 .comment       0x0000000000000037       0x1c /usr/lib/gcc/arm-none-eabi/10.3.0/../../../../arm-none-eabi/lib/thumb/v6-m/nofp/libc_nano.a(lib_a-memmove.o)
 .comment       0x0000000000000037       0x1c /usr/lib/gcc/arm-none-eabi/10.3.0/../../../../arm-none-eabi/lib/thumb/v6-m/nofp/libc_nano.a(lib_a-memset.o)
 .comment       0x0000000000000037       0x1c /usr/lib/gcc/arm-none-eabi/10.3.0/../../../../arm-none-eabi/lib/thumb/v6-m/nofp/libc_nano.a(lib_a-strlcpy.o)
 .comment       0x0000000000000037       0x1c /usr/lib/gcc/arm-none-eabi/10.3.0/../../../../arm-none-eabi/lib/thumb/v6-m/nofp/libc_nano.a(lib_a-strnlen.o)

.note.GNU-stack
                0x0000000000000000        0x0
 .note.GNU-stack
                0x0000000000000000        0x0 build/nanos/obj/contract.o
 .note.GNU-stack
                0x0000000000000000        0x0 build/nanos/obj/eth_internals.o
 .note.GNU-stack
                0x0000000000000000        0x0 build/nanos/obj/handle_finalize.o
 .note.GNU-stack
                0x0000000000000000        0x0 build/nanos/obj/handle_init_contract.o
 .note.GNU-stack
                0x0000000000000000        0x0 build/nanos/obj/handle_provide_parameter.o
 .note.GNU-stack
                0x0000000000000000        0x0 build/nanos/obj/handle_provide_token.o
 .note.GNU-stack
                0x0000000000000000        0x0 build/nanos/obj/handle_query_contract_id.o
 .note.GNU-stack
                0x0000000000000000        0x0 build/nanos/obj/handle_query_contract_ui.o
 .note.GNU-stack
                0x0000000000000000        0x0 build/nanos/obj/main.o
 .note.GNU-stack
                0x0000000000000000        0x0 build/nanos/obj/os.o
 .note.GNU-stack
                0x0000000000000000        0x0 build/nanos/obj/os_io_seproxyhal.o
 .note.GNU-stack
                0x0000000000000000        0x0 build/nanos/obj/os_printf.o
 .note.GNU-stack
                0x0000000000000000        0x0 build/nanos/obj/pic.o
 .note.GNU-stack
                0x0000000000000000        0x0 build/nanos/obj/syscalls.o

.ARM.attributes
                0x0000000000000000       0x35
 .ARM.attributes
                0x0000000000000000       0x45 build/nanos/obj/contract.o
 .ARM.attributes
                0x0000000000000045       0x47 build/nanos/obj/eth_internals.o
 .ARM.attributes
                0x000000000000008c       0x47 build/nanos/obj/handle_finalize.o
 .ARM.attributes
                0x00000000000000d3       0x47 build/nanos/obj/handle_init_contract.o
 .ARM.attributes
                0x000000000000011a       0x47 build/nanos/obj/handle_provide_parameter.o
 .ARM.attributes
                0x0000000000000161       0x47 build/nanos/obj/handle_provide_token.o
 .ARM.attributes
                0x00000000000001a8       0x47 build/nanos/obj/handle_query_contract_id.o
 .ARM.attributes
                0x00000000000001ef       0x47 build/nanos/obj/handle_query_contract_ui.o
 .ARM.attributes
                0x0000000000000236       0x47 build/nanos/obj/main.o
 .ARM.attributes
                0x000000000000027d       0x47 build/nanos/obj/os.o
 .ARM.attributes
                0x00000000000002c4       0x47 build/nanos/obj/os_io_seproxyhal.o
 .ARM.attributes
                0x000000000000030b       0x47 build/nanos/obj/os_printf.o
 .ARM.attributes
                0x0000000000000352       0x47 build/nanos/obj/pic.o
 .ARM.attributes
                0x0000000000000399       0x1c build/nanos/obj/svc_call.o
 .ARM.attributes
                0x00000000000003b5       0x47 build/nanos/obj/syscalls.o
 .ARM.attributes
                0x00000000000003fc       0x1e /usr/lib/gcc/arm-none-eabi/10.3.0/thumb/v6-m/nofp/libgcc.a(_udivsi3.o)
 .ARM.attributes
                0x000000000000041a       0x1e /usr/lib/gcc/arm-none-eabi/10.3.0/thumb/v6-m/nofp/libgcc.a(_dvmd_tls.o)
 .ARM.attributes
                0x0000000000000438       0x2c /usr/lib/gcc/arm-none-eabi/10.3.0/thumb/v6-m/nofp/libgcc.a(_muldi3.o)
 .ARM.attributes
                0x0000000000000464       0x2c /usr/lib/gcc/arm-none-eabi/10.3.0/../../../../arm-none-eabi/lib/thumb/v6-m/nofp/libc_nano.a(lib_a-aeabi_memclr.o)
 .ARM.attributes
                0x0000000000000490       0x2c /usr/lib/gcc/arm-none-eabi/10.3.0/../../../../arm-none-eabi/lib/thumb/v6-m/nofp/libc_nano.a(lib_a-aeabi_memcpy.o)
 .ARM.attributes
                0x00000000000004bc       0x2c /usr/lib/gcc/arm-none-eabi/10.3.0/../../../../arm-none-eabi/lib/thumb/v6-m/nofp/libc_nano.a(lib_a-aeabi_memmove.o)
 .ARM.attributes
                0x00000000000004e8       0x2c /usr/lib/gcc/arm-none-eabi/10.3.0/../../../../arm-none-eabi/lib/thumb/v6-m/nofp/libc_nano.a(lib_a-aeabi_memset.o)
 .ARM.attributes
                0x0000000000000514       0x2c /usr/lib/gcc/arm-none-eabi/10.3.0/../../../../arm-none-eabi/lib/thumb/v6-m/nofp/libc_nano.a(lib_a-memcmp.o)
 .ARM.attributes
                0x0000000000000540       0x2c /usr/lib/gcc/arm-none-eabi/10.3.0/../../../../arm-none-eabi/lib/thumb/v6-m/nofp/libc_nano.a(lib_a-memcpy-stub.o)
 .ARM.attributes
                0x000000000000056c       0x2c /usr/lib/gcc/arm-none-eabi/10.3.0/../../../../arm-none-eabi/lib/thumb/v6-m/nofp/libc_nano.a(lib_a-memmove.o)
 .ARM.attributes
                0x0000000000000598       0x2c /usr/lib/gcc/arm-none-eabi/10.3.0/../../../../arm-none-eabi/lib/thumb/v6-m/nofp/libc_nano.a(lib_a-memset.o)
 .ARM.attributes
                0x00000000000005c4       0x1c /usr/lib/gcc/arm-none-eabi/10.3.0/../../../../arm-none-eabi/lib/thumb/v6-m/nofp/libc_nano.a(lib_a-setjmp.o)
 .ARM.attributes
                0x00000000000005e0       0x2c /usr/lib/gcc/arm-none-eabi/10.3.0/../../../../arm-none-eabi/lib/thumb/v6-m/nofp/libc_nano.a(lib_a-strlcpy.o)
 .ARM.attributes
                0x000000000000060c       0x2c /usr/lib/gcc/arm-none-eabi/10.3.0/../../../../arm-none-eabi/lib/thumb/v6-m/nofp/libc_nano.a(lib_a-strnlen.o)

.debug
 *(.debug)

.line
 *(.line)

.debug_srcinfo
 *(.debug_srcinfo)

.debug_sfnames
 *(.debug_sfnames)

.debug_aranges  0x0000000000000000      0x180
 *(.debug_aranges)
 .debug_aranges
                0x0000000000000000       0x20 build/nanos/obj/svc_call.o
 .debug_aranges
                0x0000000000000020       0x20 /usr/lib/gcc/arm-none-eabi/10.3.0/../../../../arm-none-eabi/lib/thumb/v6-m/nofp/libc_nano.a(lib_a-aeabi_memclr.o)
 .debug_aranges
                0x0000000000000040       0x20 /usr/lib/gcc/arm-none-eabi/10.3.0/../../../../arm-none-eabi/lib/thumb/v6-m/nofp/libc_nano.a(lib_a-aeabi_memcpy.o)
 .debug_aranges
                0x0000000000000060       0x20 /usr/lib/gcc/arm-none-eabi/10.3.0/../../../../arm-none-eabi/lib/thumb/v6-m/nofp/libc_nano.a(lib_a-aeabi_memmove.o)
 .debug_aranges
                0x0000000000000080       0x20 /usr/lib/gcc/arm-none-eabi/10.3.0/../../../../arm-none-eabi/lib/thumb/v6-m/nofp/libc_nano.a(lib_a-aeabi_memset.o)
 .debug_aranges
                0x00000000000000a0       0x20 /usr/lib/gcc/arm-none-eabi/10.3.0/../../../../arm-none-eabi/lib/thumb/v6-m/nofp/libc_nano.a(lib_a-memcmp.o)
 .debug_aranges
                0x00000000000000c0       0x20 /usr/lib/gcc/arm-none-eabi/10.3.0/../../../../arm-none-eabi/lib/thumb/v6-m/nofp/libc_nano.a(lib_a-memcpy-stub.o)
 .debug_aranges
                0x00000000000000e0       0x20 /usr/lib/gcc/arm-none-eabi/10.3.0/../../../../arm-none-eabi/lib/thumb/v6-m/nofp/libc_nano.a(lib_a-memmove.o)
 .debug_aranges
                0x0000000000000100       0x20 /usr/lib/gcc/arm-none-eabi/10.3.0/../../../../arm-none-eabi/lib/thumb/v6-m/nofp/libc_nano.a(lib_a-memset.o)
 .debug_aranges
                0x0000000000000120       0x20 /usr/lib/gcc/arm-none-eabi/10.3.0/../../../../arm-none-eabi/lib/thumb/v6-m/nofp/libc_nano.a(lib_a-setjmp.o)
 .debug_aranges
                0x0000000000000140       0x20 /usr/lib/gcc/arm-none-eabi/10.3.0/../../../../arm-none-eabi/lib/thumb/v6-m/nofp/libc_nano.a(lib_a-strlcpy.o)
 .debug_aranges
                0x0000000000000160       0x20 /usr/lib/gcc/arm-none-eabi/10.3.0/../../../../arm-none-eabi/lib/thumb/v6-m/nofp/libc_nano.a(lib_a-strnlen.o)

.debug_pubnames
 *(.debug_pubnames)

.debug_info     0x0000000000000000     0x96b4
 *(.debug_info .gnu.linkonce.wi.*)
 .debug_info    0x0000000000000000       0xbd build/nanos/obj/contract.o
 .debug_info    0x00000000000000bd      0xd54 build/nanos/obj/eth_internals.o
 .debug_info    0x0000000000000e11      0x794 build/nanos/obj/handle_finalize.o
 .debug_info    0x00000000000015a5      0x6ac build/nanos/obj/handle_init_contract.o
 .debug_info    0x0000000000001c51      0x735 build/nanos/obj/handle_provide_parameter.o
 .debug_info    0x0000000000002386      0x750 build/nanos/obj/handle_provide_token.o
 .debug_info    0x0000000000002ad6      0x662 build/nanos/obj/handle_query_contract_id.o
 .debug_info    0x0000000000003138      0x830 build/nanos/obj/handle_query_contract_ui.o
 .debug_info    0x0000000000003968      0x7f9 build/nanos/obj/main.o
 .debug_info    0x0000000000004161      0x626 build/nanos/obj/os.o
 .debug_info    0x0000000000004787      0xde5 build/nanos/obj/os_io_seproxyhal.o
 .debug_info    0x000000000000556c      0x3ac build/nanos/obj/os_printf.o
 .debug_info    0x0000000000005918       0x64 build/nanos/obj/pic.o
 .debug_info    0x000000000000597c       0x26 build/nanos/obj/svc_call.o
 .debug_info    0x00000000000059a2     0x3237 build/nanos/obj/syscalls.o
 .debug_info    0x0000000000008bd9       0xd2 /usr/lib/gcc/arm-none-eabi/10.3.0/../../../../arm-none-eabi/lib/thumb/v6-m/nofp/libc_nano.a(lib_a-aeabi_memclr.o)
 .debug_info    0x0000000000008cab       0xef /usr/lib/gcc/arm-none-eabi/10.3.0/../../../../arm-none-eabi/lib/thumb/v6-m/nofp/libc_nano.a(lib_a-aeabi_memcpy.o)
 .debug_info    0x0000000000008d9a       0xef /usr/lib/gcc/arm-none-eabi/10.3.0/../../../../arm-none-eabi/lib/thumb/v6-m/nofp/libc_nano.a(lib_a-aeabi_memmove.o)
 .debug_info    0x0000000000008e89       0xe6 /usr/lib/gcc/arm-none-eabi/10.3.0/../../../../arm-none-eabi/lib/thumb/v6-m/nofp/libc_nano.a(lib_a-aeabi_memset.o)
 .debug_info    0x0000000000008f6f      0x138 /usr/lib/gcc/arm-none-eabi/10.3.0/../../../../arm-none-eabi/lib/thumb/v6-m/nofp/libc_nano.a(lib_a-memcmp.o)
 .debug_info    0x00000000000090a7      0x15c /usr/lib/gcc/arm-none-eabi/10.3.0/../../../../arm-none-eabi/lib/thumb/v6-m/nofp/libc_nano.a(lib_a-memcpy-stub.o)
 .debug_info    0x0000000000009203      0x152 /usr/lib/gcc/arm-none-eabi/10.3.0/../../../../arm-none-eabi/lib/thumb/v6-m/nofp/libc_nano.a(lib_a-memmove.o)
 .debug_info    0x0000000000009355      0x13d /usr/lib/gcc/arm-none-eabi/10.3.0/../../../../arm-none-eabi/lib/thumb/v6-m/nofp/libc_nano.a(lib_a-memset.o)
 .debug_info    0x0000000000009492       0x26 /usr/lib/gcc/arm-none-eabi/10.3.0/../../../../arm-none-eabi/lib/thumb/v6-m/nofp/libc_nano.a(lib_a-setjmp.o)
 .debug_info    0x00000000000094b8      0x11a /usr/lib/gcc/arm-none-eabi/10.3.0/../../../../arm-none-eabi/lib/thumb/v6-m/nofp/libc_nano.a(lib_a-strlcpy.o)
 .debug_info    0x00000000000095d2       0xe2 /usr/lib/gcc/arm-none-eabi/10.3.0/../../../../arm-none-eabi/lib/thumb/v6-m/nofp/libc_nano.a(lib_a-strnlen.o)

.debug_abbrev   0x0000000000000000     0x1b1a
 *(.debug_abbrev)
 .debug_abbrev  0x0000000000000000       0x71 build/nanos/obj/contract.o
 .debug_abbrev  0x0000000000000071      0x244 build/nanos/obj/eth_internals.o
 .debug_abbrev  0x00000000000002b5      0x163 build/nanos/obj/handle_finalize.o
 .debug_abbrev  0x0000000000000418       0xf2 build/nanos/obj/handle_init_contract.o
 .debug_abbrev  0x000000000000050a      0x174 build/nanos/obj/handle_provide_parameter.o
 .debug_abbrev  0x000000000000067e      0x149 build/nanos/obj/handle_provide_token.o
 .debug_abbrev  0x00000000000007c7       0xff build/nanos/obj/handle_query_contract_id.o
 .debug_abbrev  0x00000000000008c6      0x17a build/nanos/obj/handle_query_contract_ui.o
 .debug_abbrev  0x0000000000000a40      0x1be build/nanos/obj/main.o
 .debug_abbrev  0x0000000000000bfe      0x1c5 build/nanos/obj/os.o
 .debug_abbrev  0x0000000000000dc3      0x2f2 build/nanos/obj/os_io_seproxyhal.o
 .debug_abbrev  0x00000000000010b5      0x143 build/nanos/obj/os_printf.o
 .debug_abbrev  0x00000000000011f8       0x56 build/nanos/obj/pic.o
 .debug_abbrev  0x000000000000124e       0x14 build/nanos/obj/svc_call.o
 .debug_abbrev  0x0000000000001262      0x16d build/nanos/obj/syscalls.o
 .debug_abbrev  0x00000000000013cf       0xca /usr/lib/gcc/arm-none-eabi/10.3.0/../../../../arm-none-eabi/lib/thumb/v6-m/nofp/libc_nano.a(lib_a-aeabi_memclr.o)
 .debug_abbrev  0x0000000000001499       0xd8 /usr/lib/gcc/arm-none-eabi/10.3.0/../../../../arm-none-eabi/lib/thumb/v6-m/nofp/libc_nano.a(lib_a-aeabi_memcpy.o)
 .debug_abbrev  0x0000000000001571       0xd8 /usr/lib/gcc/arm-none-eabi/10.3.0/../../../../arm-none-eabi/lib/thumb/v6-m/nofp/libc_nano.a(lib_a-aeabi_memmove.o)
 .debug_abbrev  0x0000000000001649       0xca /usr/lib/gcc/arm-none-eabi/10.3.0/../../../../arm-none-eabi/lib/thumb/v6-m/nofp/libc_nano.a(lib_a-aeabi_memset.o)
 .debug_abbrev  0x0000000000001713       0x8d /usr/lib/gcc/arm-none-eabi/10.3.0/../../../../arm-none-eabi/lib/thumb/v6-m/nofp/libc_nano.a(lib_a-memcmp.o)
 .debug_abbrev  0x00000000000017a0       0xc7 /usr/lib/gcc/arm-none-eabi/10.3.0/../../../../arm-none-eabi/lib/thumb/v6-m/nofp/libc_nano.a(lib_a-memcpy-stub.o)
 .debug_abbrev  0x0000000000001867       0xc0 /usr/lib/gcc/arm-none-eabi/10.3.0/../../../../arm-none-eabi/lib/thumb/v6-m/nofp/libc_nano.a(lib_a-memmove.o)
 .debug_abbrev  0x0000000000001927       0xb4 /usr/lib/gcc/arm-none-eabi/10.3.0/../../../../arm-none-eabi/lib/thumb/v6-m/nofp/libc_nano.a(lib_a-memset.o)
 .debug_abbrev  0x00000000000019db       0x14 /usr/lib/gcc/arm-none-eabi/10.3.0/../../../../arm-none-eabi/lib/thumb/v6-m/nofp/libc_nano.a(lib_a-setjmp.o)
 .debug_abbrev  0x00000000000019ef       0x9e /usr/lib/gcc/arm-none-eabi/10.3.0/../../../../arm-none-eabi/lib/thumb/v6-m/nofp/libc_nano.a(lib_a-strlcpy.o)
 .debug_abbrev  0x0000000000001a8d       0x8d /usr/lib/gcc/arm-none-eabi/10.3.0/../../../../arm-none-eabi/lib/thumb/v6-m/nofp/libc_nano.a(lib_a-strnlen.o)

.debug_line     0x0000000000000000     0x5b6c
 *(.debug_line)
 .debug_line    0x0000000000000000       0x92 build/nanos/obj/contract.o
 .debug_line    0x0000000000000092      0x7c7 build/nanos/obj/eth_internals.o
 .debug_line    0x0000000000000859      0x26f build/nanos/obj/handle_finalize.o
 .debug_line    0x0000000000000ac8      0x240 build/nanos/obj/handle_init_contract.o
 .debug_line    0x0000000000000d08      0x257 build/nanos/obj/handle_provide_parameter.o
 .debug_line    0x0000000000000f5f      0x26e build/nanos/obj/handle_provide_token.o
 .debug_line    0x00000000000011cd      0x1f1 build/nanos/obj/handle_query_contract_id.o
 .debug_line    0x00000000000013be      0x289 build/nanos/obj/handle_query_contract_ui.o
 .debug_line    0x0000000000001647      0x337 build/nanos/obj/main.o
 .debug_line    0x000000000000197e      0x4fa build/nanos/obj/os.o
 .debug_line    0x0000000000001e78      0xc3f build/nanos/obj/os_io_seproxyhal.o
 .debug_line    0x0000000000002ab7      0x6f4 build/nanos/obj/os_printf.o
 .debug_line    0x00000000000031ab       0x7e build/nanos/obj/pic.o
 .debug_line    0x0000000000003229       0x57 build/nanos/obj/svc_call.o
 .debug_line    0x0000000000003280     0x1a64 build/nanos/obj/syscalls.o
 .debug_line    0x0000000000004ce4       0xdb /usr/lib/gcc/arm-none-eabi/10.3.0/../../../../arm-none-eabi/lib/thumb/v6-m/nofp/libc_nano.a(lib_a-aeabi_memclr.o)
 .debug_line    0x0000000000004dbf       0xd5 /usr/lib/gcc/arm-none-eabi/10.3.0/../../../../arm-none-eabi/lib/thumb/v6-m/nofp/libc_nano.a(lib_a-aeabi_memcpy.o)
 .debug_line    0x0000000000004e94       0xd6 /usr/lib/gcc/arm-none-eabi/10.3.0/../../../../arm-none-eabi/lib/thumb/v6-m/nofp/libc_nano.a(lib_a-aeabi_memmove.o)
 .debug_line    0x0000000000004f6a       0xd8 /usr/lib/gcc/arm-none-eabi/10.3.0/../../../../arm-none-eabi/lib/thumb/v6-m/nofp/libc_nano.a(lib_a-aeabi_memset.o)
 .debug_line    0x0000000000005042      0x19f /usr/lib/gcc/arm-none-eabi/10.3.0/../../../../arm-none-eabi/lib/thumb/v6-m/nofp/libc_nano.a(lib_a-memcmp.o)
 .debug_line    0x00000000000051e1      0x1ea /usr/lib/gcc/arm-none-eabi/10.3.0/../../../../arm-none-eabi/lib/thumb/v6-m/nofp/libc_nano.a(lib_a-memcpy-stub.o)
 .debug_line    0x00000000000053cb      0x219 /usr/lib/gcc/arm-none-eabi/10.3.0/../../../../arm-none-eabi/lib/thumb/v6-m/nofp/libc_nano.a(lib_a-memmove.o)
 .debug_line    0x00000000000055e4      0x206 /usr/lib/gcc/arm-none-eabi/10.3.0/../../../../arm-none-eabi/lib/thumb/v6-m/nofp/libc_nano.a(lib_a-memset.o)
 .debug_line    0x00000000000057ea       0xa3 /usr/lib/gcc/arm-none-eabi/10.3.0/../../../../arm-none-eabi/lib/thumb/v6-m/nofp/libc_nano.a(lib_a-setjmp.o)
 .debug_line    0x000000000000588d      0x193 /usr/lib/gcc/arm-none-eabi/10.3.0/../../../../arm-none-eabi/lib/thumb/v6-m/nofp/libc_nano.a(lib_a-strlcpy.o)
 .debug_line    0x0000000000005a20      0x14c /usr/lib/gcc/arm-none-eabi/10.3.0/../../../../arm-none-eabi/lib/thumb/v6-m/nofp/libc_nano.a(lib_a-strnlen.o)

.debug_frame    0x0000000000000000     0x1a20
 *(.debug_frame)
 .debug_frame   0x0000000000000000      0x154 build/nanos/obj/eth_internals.o
 .debug_frame   0x0000000000000154       0x30 build/nanos/obj/handle_finalize.o
 .debug_frame   0x0000000000000184       0x30 build/nanos/obj/handle_init_contract.o
 .debug_frame   0x00000000000001b4       0x30 build/nanos/obj/handle_provide_parameter.o
 .debug_frame   0x00000000000001e4       0x30 build/nanos/obj/handle_provide_token.o
 .debug_frame   0x0000000000000214       0x2c build/nanos/obj/handle_query_contract_id.o
 .debug_frame   0x0000000000000240       0x30 build/nanos/obj/handle_query_contract_ui.o
 .debug_frame   0x0000000000000270       0x78 build/nanos/obj/main.o
 .debug_frame   0x00000000000002e8      0x144 build/nanos/obj/os.o
 .debug_frame   0x000000000000042c      0x2e0 build/nanos/obj/os_io_seproxyhal.o
 .debug_frame   0x000000000000070c       0x58 build/nanos/obj/os_printf.o
 .debug_frame   0x0000000000000764       0x38 build/nanos/obj/pic.o
 .debug_frame   0x000000000000079c     0x10cc build/nanos/obj/syscalls.o
 .debug_frame   0x0000000000001868       0x28 /usr/lib/gcc/arm-none-eabi/10.3.0/../../../../arm-none-eabi/lib/thumb/v6-m/nofp/libc_nano.a(lib_a-aeabi_memclr.o)
 .debug_frame   0x0000000000001890       0x28 /usr/lib/gcc/arm-none-eabi/10.3.0/../../../../arm-none-eabi/lib/thumb/v6-m/nofp/libc_nano.a(lib_a-aeabi_memcpy.o)
 .debug_frame   0x00000000000018b8       0x28 /usr/lib/gcc/arm-none-eabi/10.3.0/../../../../arm-none-eabi/lib/thumb/v6-m/nofp/libc_nano.a(lib_a-aeabi_memmove.o)
 .debug_frame   0x00000000000018e0       0x28 /usr/lib/gcc/arm-none-eabi/10.3.0/../../../../arm-none-eabi/lib/thumb/v6-m/nofp/libc_nano.a(lib_a-aeabi_memset.o)
 .debug_frame   0x0000000000001908       0x2c /usr/lib/gcc/arm-none-eabi/10.3.0/../../../../arm-none-eabi/lib/thumb/v6-m/nofp/libc_nano.a(lib_a-memcmp.o)
 .debug_frame   0x0000000000001934       0x34 /usr/lib/gcc/arm-none-eabi/10.3.0/../../../../arm-none-eabi/lib/thumb/v6-m/nofp/libc_nano.a(lib_a-memcpy-stub.o)
 .debug_frame   0x0000000000001968       0x30 /usr/lib/gcc/arm-none-eabi/10.3.0/../../../../arm-none-eabi/lib/thumb/v6-m/nofp/libc_nano.a(lib_a-memmove.o)
 .debug_frame   0x0000000000001998       0x30 /usr/lib/gcc/arm-none-eabi/10.3.0/../../../../arm-none-eabi/lib/thumb/v6-m/nofp/libc_nano.a(lib_a-memset.o)
 .debug_frame   0x00000000000019c8       0x30 /usr/lib/gcc/arm-none-eabi/10.3.0/../../../../arm-none-eabi/lib/thumb/v6-m/nofp/libc_nano.a(lib_a-strlcpy.o)
 .debug_frame   0x00000000000019f8       0x28 /usr/lib/gcc/arm-none-eabi/10.3.0/../../../../arm-none-eabi/lib/thumb/v6-m/nofp/libc_nano.a(lib_a-strnlen.o)

.debug_str      0x0000000000000000     0x32bd
 *(.debug_str)
 .debug_str     0x0000000000000000       0xce build/nanos/obj/contract.o
                                         0xd6 (size before relaxing)
 .debug_str     0x00000000000000ce      0x6bd build/nanos/obj/eth_internals.o
                                        0x7d9 (size before relaxing)
 .debug_str     0x000000000000078b      0x332 build/nanos/obj/handle_finalize.o
                                        0x609 (size before relaxing)
 .debug_str     0x0000000000000abd      0x144 build/nanos/obj/handle_init_contract.o
                                        0x65f (size before relaxing)
 .debug_str     0x0000000000000c01       0x85 build/nanos/obj/handle_provide_parameter.o
                                        0x5ca (size before relaxing)
 .debug_str     0x0000000000000c86       0xb0 build/nanos/obj/handle_provide_token.o
                                        0x611 (size before relaxing)
 .debug_str     0x0000000000000d36       0x6b build/nanos/obj/handle_query_contract_id.o
                                        0x58c (size before relaxing)
 .debug_str     0x0000000000000da1      0x114 build/nanos/obj/handle_query_contract_ui.o
                                        0x6bb (size before relaxing)
 .debug_str     0x0000000000000eb5      0x18f build/nanos/obj/main.o
                                        0x670 (size before relaxing)
 .debug_str     0x0000000000001044      0x198 build/nanos/obj/os.o
                                        0x29d (size before relaxing)
 .debug_str     0x00000000000011dc      0xa00 build/nanos/obj/os_io_seproxyhal.o
                                        0xb5b (size before relaxing)
 .debug_str     0x0000000000001bdc      0x119 build/nanos/obj/os_printf.o
                                        0x1d2 (size before relaxing)
 .debug_str     0x0000000000001cf5       0x3e build/nanos/obj/pic.o
                                         0x82 (size before relaxing)
 .debug_str     0x0000000000001d33       0x31 build/nanos/obj/svc_call.o
                                         0x59 (size before relaxing)
 .debug_str     0x0000000000001d64      0xf34 build/nanos/obj/syscalls.o
                                       0x148f (size before relaxing)
 .debug_str     0x0000000000002c98      0x17d /usr/lib/gcc/arm-none-eabi/10.3.0/../../../../arm-none-eabi/lib/thumb/v6-m/nofp/libc_nano.a(lib_a-aeabi_memclr.o)
                                        0x196 (size before relaxing)
 .debug_str     0x0000000000002e15       0x76 /usr/lib/gcc/arm-none-eabi/10.3.0/../../../../arm-none-eabi/lib/thumb/v6-m/nofp/libc_nano.a(lib_a-aeabi_memcpy.o)
                                        0x195 (size before relaxing)
 .debug_str     0x0000000000002e8b       0x71 /usr/lib/gcc/arm-none-eabi/10.3.0/../../../../arm-none-eabi/lib/thumb/v6-m/nofp/libc_nano.a(lib_a-aeabi_memmove.o)
                                        0x198 (size before relaxing)
 .debug_str     0x0000000000002efc       0x60 /usr/lib/gcc/arm-none-eabi/10.3.0/../../../../arm-none-eabi/lib/thumb/v6-m/nofp/libc_nano.a(lib_a-aeabi_memset.o)
                                        0x18e (size before relaxing)
 .debug_str     0x0000000000002f5c       0xf5 /usr/lib/gcc/arm-none-eabi/10.3.0/../../../../arm-none-eabi/lib/thumb/v6-m/nofp/libc_nano.a(lib_a-memcmp.o)
                                        0x1d8 (size before relaxing)
 .debug_str     0x0000000000003051       0x86 /usr/lib/gcc/arm-none-eabi/10.3.0/../../../../arm-none-eabi/lib/thumb/v6-m/nofp/libc_nano.a(lib_a-memcpy-stub.o)
                                        0x20e (size before relaxing)
 .debug_str     0x00000000000030d7       0x68 /usr/lib/gcc/arm-none-eabi/10.3.0/../../../../arm-none-eabi/lib/thumb/v6-m/nofp/libc_nano.a(lib_a-memmove.o)
                                        0x20b (size before relaxing)
 .debug_str     0x000000000000313f       0x62 /usr/lib/gcc/arm-none-eabi/10.3.0/../../../../arm-none-eabi/lib/thumb/v6-m/nofp/libc_nano.a(lib_a-memset.o)
                                        0x1ec (size before relaxing)
 .debug_str     0x00000000000031a1       0x5a /usr/lib/gcc/arm-none-eabi/10.3.0/../../../../arm-none-eabi/lib/thumb/v6-m/nofp/libc_nano.a(lib_a-setjmp.o)
                                         0xee (size before relaxing)
 .debug_str     0x00000000000031fb       0x5e /usr/lib/gcc/arm-none-eabi/10.3.0/../../../../arm-none-eabi/lib/thumb/v6-m/nofp/libc_nano.a(lib_a-strlcpy.o)
                                        0x1da (size before relaxing)
 .debug_str     0x0000000000003259       0x64 /usr/lib/gcc/arm-none-eabi/10.3.0/../../../../arm-none-eabi/lib/thumb/v6-m/nofp/libc_nano.a(lib_a-strnlen.o)
                                        0x1e0 (size before relaxing)

.debug_loc      0x0000000000000000     0x76c4
 *(.debug_loc)
 .debug_loc     0x0000000000000000      0xcde build/nanos/obj/eth_internals.o
 .debug_loc     0x0000000000000cde       0xae build/nanos/obj/handle_finalize.o
 .debug_loc     0x0000000000000d8c       0x62 build/nanos/obj/handle_init_contract.o
 .debug_loc     0x0000000000000dee       0x51 build/nanos/obj/handle_provide_parameter.o
 .debug_loc     0x0000000000000e3f       0x3c build/nanos/obj/handle_provide_token.o
 .debug_loc     0x0000000000000e7b       0x3c build/nanos/obj/handle_query_contract_id.o
 .debug_loc     0x0000000000000eb7       0x8b build/nanos/obj/handle_query_contract_ui.o
 .debug_loc     0x0000000000000f42       0x9a build/nanos/obj/main.o
 .debug_loc     0x0000000000000fdc      0x830 build/nanos/obj/os.o
 .debug_loc     0x000000000000180c      0x8f2 build/nanos/obj/os_io_seproxyhal.o
 .debug_loc     0x00000000000020fe      0xcd3 build/nanos/obj/os_printf.o
 .debug_loc     0x0000000000002dd1     0x3580 build/nanos/obj/syscalls.o
 .debug_loc     0x0000000000006351       0x4a /usr/lib/gcc/arm-none-eabi/10.3.0/../../../../arm-none-eabi/lib/thumb/v6-m/nofp/libc_nano.a(lib_a-aeabi_memclr.o)
 .debug_loc     0x000000000000639b       0x6f /usr/lib/gcc/arm-none-eabi/10.3.0/../../../../arm-none-eabi/lib/thumb/v6-m/nofp/libc_nano.a(lib_a-aeabi_memcpy.o)
 .debug_loc     0x000000000000640a       0x6f /usr/lib/gcc/arm-none-eabi/10.3.0/../../../../arm-none-eabi/lib/thumb/v6-m/nofp/libc_nano.a(lib_a-aeabi_memmove.o)
 .debug_loc     0x0000000000006479       0x89 /usr/lib/gcc/arm-none-eabi/10.3.0/../../../../arm-none-eabi/lib/thumb/v6-m/nofp/libc_nano.a(lib_a-aeabi_memset.o)
 .debug_loc     0x0000000000006502      0x1f1 /usr/lib/gcc/arm-none-eabi/10.3.0/../../../../arm-none-eabi/lib/thumb/v6-m/nofp/libc_nano.a(lib_a-memcmp.o)
 .debug_loc     0x00000000000066f3      0x457 /usr/lib/gcc/arm-none-eabi/10.3.0/../../../../arm-none-eabi/lib/thumb/v6-m/nofp/libc_nano.a(lib_a-memcpy-stub.o)
 .debug_loc     0x0000000000006b4a      0x508 /usr/lib/gcc/arm-none-eabi/10.3.0/../../../../arm-none-eabi/lib/thumb/v6-m/nofp/libc_nano.a(lib_a-memmove.o)
 .debug_loc     0x0000000000007052      0x2a3 /usr/lib/gcc/arm-none-eabi/10.3.0/../../../../arm-none-eabi/lib/thumb/v6-m/nofp/libc_nano.a(lib_a-memset.o)
 .debug_loc     0x00000000000072f5      0x27f /usr/lib/gcc/arm-none-eabi/10.3.0/../../../../arm-none-eabi/lib/thumb/v6-m/nofp/libc_nano.a(lib_a-strlcpy.o)
 .debug_loc     0x0000000000007574      0x150 /usr/lib/gcc/arm-none-eabi/10.3.0/../../../../arm-none-eabi/lib/thumb/v6-m/nofp/libc_nano.a(lib_a-strnlen.o)

.debug_macinfo
 *(.debug_macinfo)

.debug_weaknames
 *(.debug_weaknames)

.debug_funcnames
 *(.debug_funcnames)

.debug_typenames
 *(.debug_typenames)

.debug_varnames
 *(.debug_varnames)
                0x00000000c0d00000                PROVIDE (_nvram = ABSOLUTE (_nvram_start))
                0x00000000c0d01400                PROVIDE (_envram = ABSOLUTE (_nvram_end))
OUTPUT(build/nanos/bin/app.elf elf32-littlearm)
LOAD linker stubs
LOAD /usr/lib/gcc/arm-none-eabi/10.3.0/../../../../arm-none-eabi/lib/thumb/v6-m/nofp/libc.a
LOAD /usr/lib/gcc/arm-none-eabi/10.3.0/../../../../arm-none-eabi/lib/thumb/v6-m/nofp/libm.a
LOAD /usr/lib/gcc/arm-none-eabi/10.3.0/thumb/v6-m/nofp/libgcc.a

.debug_ranges   0x0000000000000000      0x850
 .debug_ranges  0x0000000000000000      0x108 build/nanos/obj/eth_internals.o
 .debug_ranges  0x0000000000000108       0x18 build/nanos/obj/handle_provide_parameter.o
 .debug_ranges  0x0000000000000120       0x18 build/nanos/obj/handle_query_contract_ui.o
 .debug_ranges  0x0000000000000138       0x40 build/nanos/obj/main.o
 .debug_ranges  0x0000000000000178       0xa8 build/nanos/obj/os.o
 .debug_ranges  0x0000000000000220      0x120 build/nanos/obj/os_io_seproxyhal.o
 .debug_ranges  0x0000000000000340       0x18 build/nanos/obj/os_printf.o
 .debug_ranges  0x0000000000000358       0x18 build/nanos/obj/pic.o
 .debug_ranges  0x0000000000000370      0x4d0 build/nanos/obj/syscalls.o
 .debug_ranges  0x0000000000000840       0x10 /usr/lib/gcc/arm-none-eabi/10.3.0/../../../../arm-none-eabi/lib/thumb/v6-m/nofp/libc_nano.a(lib_a-strnlen.o)
